// Jest Snapshot v1, https://goo.gl/fbAQLP

exports[`render Error render correctly 1`] = `
<div
  className="sc-bczRLJ jHnmht"
>
  <img />
  <span>
    error
  </span>
</div>
`;
